// Jest Snapshot v1, https://goo.gl/fbAQLP

exports[`pages/index.vue renders properly 1`] = `
"<v-container-stub tag=\\"div\\" fluid=\\"true\\" class=\\"index-page pa-2\\">
  DASHBOARD
</v-container-stub>"
`;
