// Jest Snapshot v1, https://goo.gl/fbAQLP

exports[`components/core/TheFooter renders properly 1`] = `
"<div class=\\"the-footer\\">
  <v-footer-stub color=\\"primary\\" height=\\"auto\\" tag=\\"footer\\" app=\\"true\\" inset=\\"true\\">
    <v-container-stub tag=\\"div\\" class=\\"pa-0\\">
      <v-row-stub tag=\\"div\\">
        <v-col-stub cols=\\"12\\" tag=\\"div\\" class=\\"text-center white--text\\"><span>Copyright Â© 2021, <a href=\\"https://thebiogrid.org\\" title=\\"BioGRID Project\\">BioGRID Project</a>, All Rights Reserved</span></v-col-stub>
      </v-row-stub>
    </v-container-stub>
  </v-footer-stub>
</div>"
`;
